MO DM NULL DM.v vlg21/_d_m.bin 1638175941
MO Ext NULL Ext.v vlg09/_ext.bin 1638175941
MO Controller NULL Controller.v vlg34/_controller.bin 1638175941
MO GRF NULL GRF.v vlg4F/_g_r_f.bin 1638175941
MO mips NULL mips.v vlg1D/mips.bin 1638175941
MO IFU NULL IFU.v vlg54/_i_f_u.bin 1638175941
MO ALU NULL ALU.v vlg2A/_a_l_u.bin 1638175941
